src/app/super-admin/dashboard/page.tsx(7,3): error TS2305: Module '"lucide-react"' has no exported member 'Building2'.
src/app/super-admin/dashboard/page.tsx(8,3): error TS2305: Module '"lucide-react"' has no exported member 'PauseCircle'.
src/app/super-admin/dashboard/page.tsx(9,3): error TS2305: Module '"lucide-react"' has no exported member 'PlayCircle'.
src/app/super-admin/dashboard/page.tsx(11,3): error TS2305: Module '"lucide-react"' has no exported member 'LayoutDashboard'.
src/app/super-admin/dashboard/page.tsx(13,3): error TS2305: Module '"lucide-react"' has no exported member 'AlertCircle'.
src/app/super-admin/dashboard/page.tsx(14,3): error TS2305: Module '"lucide-react"' has no exported member 'BarChart3'.
src/app/super-admin/dashboard/page.tsx(15,3): error TS2305: Module '"lucide-react"' has no exported member 'CreditCard'.
src/app/super-admin/financials/page.tsx(7,3): error TS2305: Module '"lucide-react"' has no exported member 'CreditCard'.
src/app/super-admin/financials/page.tsx(8,3): error TS2305: Module '"lucide-react"' has no exported member 'TrendingUp'.
src/app/super-admin/financials/page.tsx(9,3): error TS2305: Module '"lucide-react"' has no exported member 'AlertCircle'.
src/app/super-admin/financials/page.tsx(11,3): error TS2724: '"lucide-react"' has no exported member named 'Clock'. Did you mean 'Lock'?
src/app/super-admin/financials/page.tsx(12,3): error TS2305: Module '"lucide-react"' has no exported member 'ArrowUpRight'.
src/app/super-admin/financials/page.tsx(13,3): error TS2305: Module '"lucide-react"' has no exported member 'ArrowDownRight'.
src/app/super-admin/financials/page.tsx(14,3): error TS2305: Module '"lucide-react"' has no exported member 'Filter'.
src/app/super-admin/layout.tsx(6,3): error TS2305: Module '"lucide-react"' has no exported member 'LayoutDashboard'.
src/app/super-admin/layout.tsx(7,3): error TS2305: Module '"lucide-react"' has no exported member 'Building2'.
src/app/super-admin/layout.tsx(8,3): error TS2724: '"lucide-react"' has no exported member named 'Users'. Did you mean 'User'?
src/app/super-admin/layout.tsx(9,3): error TS2305: Module '"lucide-react"' has no exported member 'BookOpen'.
src/app/super-admin/layout.tsx(10,3): error TS2305: Module '"lucide-react"' has no exported member 'CreditCard'.
src/app/super-admin/layout.tsx(12,3): error TS2305: Module '"lucide-react"' has no exported member 'Shield'.
src/app/super-admin/layout.tsx(14,3): error TS2305: Module '"lucide-react"' has no exported member 'BarChart3'.
src/app/super-admin/organizations/[id]/page.tsx(7,3): error TS2305: Module '"lucide-react"' has no exported member 'Building2'.
src/app/super-admin/organizations/[id]/page.tsx(8,3): error TS2724: '"lucide-react"' has no exported member named 'Users'. Did you mean 'User'?
src/app/super-admin/organizations/[id]/page.tsx(9,3): error TS2305: Module '"lucide-react"' has no exported member 'PlayCircle'.
src/app/super-admin/organizations/[id]/page.tsx(10,3): error TS2305: Module '"lucide-react"' has no exported member 'PauseCircle'.
src/app/super-admin/organizations/[id]/page.tsx(11,3): error TS2305: Module '"lucide-react"' has no exported member 'Calendar'.
src/app/super-admin/organizations/[id]/page.tsx(12,3): error TS2305: Module '"lucide-react"' has no exported member 'ArrowLeft'.
src/app/super-admin/organizations/[id]/page.tsx(14,3): error TS2305: Module '"lucide-react"' has no exported member 'CreditCard'.
src/app/super-admin/organizations/[id]/page.tsx(15,3): error TS2305: Module '"lucide-react"' has no exported member 'BookOpen'.
src/app/super-admin/organizations/[id]/page.tsx(16,3): error TS2305: Module '"lucide-react"' has no exported member 'PieChart'.
src/app/super-admin/organizations/[id]/page.tsx(18,3): error TS2305: Module '"lucide-react"' has no exported member 'Ban'.
src/app/super-admin/organizations/page.tsx(7,3): error TS2305: Module '"lucide-react"' has no exported member 'Building2'.
src/app/super-admin/organizations/page.tsx(8,3): error TS2305: Module '"lucide-react"' has no exported member 'PauseCircle'.
src/app/super-admin/organizations/page.tsx(9,3): error TS2305: Module '"lucide-react"' has no exported member 'PlayCircle'.
src/app/super-admin/organizations/page.tsx(11,3): error TS2305: Module '"lucide-react"' has no exported member 'AlertCircle'.
src/app/super-admin/organizations/page.tsx(13,3): error TS2305: Module '"lucide-react"' has no exported member 'Filter'.
src/app/super-admin/settings/page.tsx(8,3): error TS2305: Module '"lucide-react"' has no exported member 'Shield'.
src/app/super-admin/settings/page.tsx(10,3): error TS2305: Module '"lucide-react"' has no exported member 'Database'.
src/app/super-admin/settings/page.tsx(13,3): error TS2305: Module '"lucide-react"' has no exported member 'Smartphone'.
src/components/OrganizationStatusGuard.tsx(6,31): error TS2305: Module '"lucide-react"' has no exported member 'CreditCard'.
src/components/OrganizationStatusGuard.tsx(6,43): error TS2305: Module '"lucide-react"' has no exported member 'School'.
